{"error":"Could not connect to any servers in your MongoDB Atlas cluster. One common reason is that you're trying to access the database from an IP that isn't whitelisted. Make sure your current IP address is on your Atlas cluster's IP whitelist: https://www.mongodb.com/docs/atlas/security-whitelist/","level":"error","message":"Startup failed","service":"wind-sunset-backend","timestamp":"2026-07-02T04:45:06.230Z"}
{"error":"Could not connect to any servers in your MongoDB Atlas cluster. One common reason is that you're trying to access the database from an IP that isn't whitelisted. Make sure your current IP address is on your Atlas cluster's IP whitelist: https://www.mongodb.com/docs/atlas/security-whitelist/","level":"error","message":"Startup failed","service":"wind-sunset-backend","timestamp":"2026-08-10T11:32:56.244Z"}
{"error":"Could not connect to any servers in your MongoDB Atlas cluster. One common reason is that you're trying to access the database from an IP that isn't whitelisted. Make sure your current IP address is on your Atlas cluster's IP whitelist: https://www.mongodb.com/docs/atlas/security-whitelist/","level":"error","message":"Startup failed","service":"wind-sunset-backend","timestamp":"2026-08-10T13:37:40.487Z"}
{"error":"bad auth : authentication failed","level":"error","message":"MongoDB connection error","service":"wind-sunset-backend","timestamp":"2026-09-01T15:23:45.224Z"}
{"error":"bad auth : authentication failed","level":"error","message":"MongoDB connection error","service":"wind-sunset-backend","timestamp":"2026-09-01T15:26:26.848Z"}
{"error":"bad auth : authentication failed","level":"error","message":"MongoDB connection error","service":"wind-sunset-backend","timestamp":"2026-09-01T15:29:54.371Z"}
{"error":"bad auth : authentication failed","level":"error","message":"MongoDB connection error","service":"wind-sunset-backend","timestamp":"2026-09-01T15:31:26.630Z"}
{"error":"bad auth : authentication failed","level":"error","message":"MongoDB connection error","service":"wind-sunset-backend","timestamp":"2026-09-01T15:32:21.661Z"}
{"error":"bad auth : authentication failed","level":"error","message":"MongoDB connection error","service":"wind-sunset-backend","timestamp":"2026-09-01T15:32:29.466Z"}
{"error":"bad auth : authentication failed","level":"error","message":"MongoDB connection error","service":"wind-sunset-backend","timestamp":"2026-09-01T15:32:35.969Z"}
{"error":"bad auth : authentication failed","level":"error","message":"MongoDB connection error","service":"wind-sunset-backend","timestamp":"2026-09-01T15:32:46.926Z"}
{"error":"bad auth : authentication failed","level":"error","message":"MongoDB connection error","service":"wind-sunset-backend","timestamp":"2026-09-01T15:33:02.112Z"}
{"error":"bad auth : authentication failed","level":"error","message":"MongoDB connection error","service":"wind-sunset-backend","timestamp":"2026-09-01T15:33:02.128Z"}
{"error":"bad auth : authentication failed","level":"error","message":"MongoDB connection error","service":"wind-sunset-backend","timestamp":"2026-09-01T15:33:09.904Z"}
{"error":"bad auth : authentication failed","level":"error","message":"MongoDB connection error","service":"wind-sunset-backend","timestamp":"2026-09-01T15:33:37.808Z"}
{"error":"bad auth : authentication failed","level":"error","message":"MongoDB connection error","service":"wind-sunset-backend","timestamp":"2026-09-01T15:33:37.824Z"}
{"error":"bad auth : authentication failed","level":"error","message":"MongoDB connection error","service":"wind-sunset-backend","timestamp":"2026-09-01T15:34:06.537Z"}
{"error":"bad auth : authentication failed","level":"error","message":"MongoDB connection error","service":"wind-sunset-backend","timestamp":"2026-09-01T15:34:06.544Z"}
{"error":"bad auth : authentication failed","level":"error","message":"MongoDB connection error","service":"wind-sunset-backend","timestamp":"2026-09-01T15:34:28.966Z"}
{"error":"bad auth : authentication failed","level":"error","message":"MongoDB connection error","service":"wind-sunset-backend","timestamp":"2026-09-01T15:34:28.965Z"}
{"error":"Operation `admins.countDocuments()` buffering timed out after 10000ms","level":"error","message":"Startup failed","service":"wind-sunset-backend","timestamp":"2026-09-01T15:34:38.974Z"}
{"error":"Operation `admins.countDocuments()` buffering timed out after 10000ms","level":"error","message":"Startup failed","service":"wind-sunset-backend","timestamp":"2026-09-01T15:34:38.973Z"}
{"error":"bad auth : authentication failed","level":"error","message":"MongoDB connection error","service":"wind-sunset-backend","timestamp":"2026-09-01T15:43:32.812Z"}
{"error":"Operation `admins.countDocuments()` buffering timed out after 10000ms","level":"error","message":"Startup failed","service":"wind-sunset-backend","timestamp":"2026-09-01T15:43:42.826Z"}
{"error":"bad auth : authentication failed","level":"error","message":"MongoDB connection error","service":"wind-sunset-backend","timestamp":"2026-09-01T15:44:19.482Z"}
{"error":"bad auth : authentication failed","level":"error","message":"MongoDB connection error","service":"wind-sunset-backend","timestamp":"2026-09-01T15:44:19.482Z"}
{"error":"bad auth : authentication failed","level":"error","message":"MongoDB connection error","service":"wind-sunset-backend","timestamp":"2026-09-01T15:44:19.484Z"}
{"error":"bad auth : authentication failed","level":"error","message":"MongoDB connection error","service":"wind-sunset-backend","timestamp":"2026-09-01T15:44:28.974Z"}
{"error":"bad auth : authentication failed","level":"error","message":"MongoDB connection error","service":"wind-sunset-backend","timestamp":"2026-09-01T15:45:18.440Z"}
{"error":"bad auth : authentication failed","level":"error","message":"MongoDB connection error","service":"wind-sunset-backend","timestamp":"2026-09-01T15:45:39.132Z"}
{"error":"bad auth : authentication failed","level":"error","message":"MongoDB connection error","service":"wind-sunset-backend","timestamp":"2026-09-01T15:47:05.921Z"}
{"error":"bad auth : authentication failed","level":"error","message":"MongoDB connection error","service":"wind-sunset-backend","timestamp":"2026-09-01T15:47:35.836Z"}
{"email":"moinshaikh6249@gmail.com","error":"Operation `admins.findOne()` buffering timed out after 10000ms","level":"error","message":"Admin login failed due to server-side error","service":"wind-sunset-backend","timestamp":"2026-09-01T15:48:47.278Z"}
{"email":"moinshaikh6249@gmail.com","error":"Operation `admins.findOne()` buffering timed out after 10000ms","level":"error","message":"Admin login failed due to server-side error","service":"wind-sunset-backend","timestamp":"2026-09-01T15:48:57.992Z"}
{"email":"moinshaikh6249@gmail.com","error":"Operation `admins.findOne()` buffering timed out after 10000ms","level":"error","message":"Admin login failed due to server-side error","service":"wind-sunset-backend","timestamp":"2026-09-01T15:49:08.672Z"}
{"email":"e2e_user_standard@example.com","error":"Operation `users.findOne()` buffering timed out after 10000ms","level":"error","message":"Login failed due to server-side error","service":"wind-sunset-backend","timestamp":"2026-09-01T15:49:19.337Z"}
{"email":"e2e_user_standard@example.com","error":"Operation `users.findOne()` buffering timed out after 10000ms","level":"error","message":"Login failed due to server-side error","service":"wind-sunset-backend","timestamp":"2026-09-01T15:49:40.013Z"}
{"email":"e2e_user_standard@example.com","error":"Operation `users.findOne()` buffering timed out after 10000ms","level":"error","message":"Login failed due to server-side error","service":"wind-sunset-backend","timestamp":"2026-09-01T15:50:00.717Z"}
{"error":"bad auth : authentication failed","level":"error","message":"MongoDB connection error","service":"wind-sunset-backend","timestamp":"2026-09-01T15:53:11.274Z"}
{"error":"bad auth : authentication failed","level":"error","message":"MongoDB connection error","service":"wind-sunset-backend","timestamp":"2026-09-01T15:53:31.628Z"}
{"error":"bad auth : authentication failed","level":"error","message":"MongoDB connection error","service":"wind-sunset-backend","timestamp":"2026-09-01T15:54:05.356Z"}
{"error":"bad auth : authentication failed","level":"error","message":"MongoDB connection error","service":"wind-sunset-backend","timestamp":"2026-09-01T15:54:15.916Z"}
{"error":"bad auth : authentication failed","level":"error","message":"MongoDB connection error","service":"wind-sunset-backend","timestamp":"2026-09-01T15:54:31.747Z"}
{"error":"bad auth : authentication failed","level":"error","message":"MongoDB connection error","service":"wind-sunset-backend","timestamp":"2026-09-01T15:54:44.951Z"}
{"error":"rawPass is not defined","level":"error","message":"MongoDB connection error","service":"wind-sunset-backend","timestamp":"2026-09-01T15:55:02.505Z"}
{"error":"rawPass is not defined","level":"error","message":"MongoDB connection error","service":"wind-sunset-backend","timestamp":"2026-09-01T15:55:07.073Z"}
